// Jest Snapshot v1, https://goo.gl/fbAQLP

exports[`snapshot test snapshot test Home page 1`] = `
<Layout
  className="home-layout"
>
  <div
    className="home-layout_container"
  >
    <h1
      className="home-layout_container_title"
    >
      Rick and Morty Charchters
    </h1>
    <Loader
      className=""
      color="#00BFFF"
      height={100}
      style={Object {}}
      timeout={3000}
      type="Puff"
      visible={true}
      width={100}
    />
    <div
      className="home-layout_buttons"
    >
      <Button
        className="bg-red-400 "
        onClick={[Function]}
      >
        Prev
      </Button>
      <span
        id="page"
      >
        Page: 
        1
      </span>
      <Button
        className="bg-blue-400"
        onClick={[Function]}
      >
        Next
      </Button>
    </div>
  </div>
</Layout>
`;
